HI-TECH Software XC8 Compiler V1.00 ()

Linker command line:

--edf=C:\Program Files (x86)\Microchip\xc8\v1.00\dat\en_msgs.txt -cs \
  -h+dist/default/production\PR_27_Slave_Programmed_UART_1.X.production.sym \
  -z -Q16F876A -ol.obj \
  -Mdist/default/production/PR_27_Slave_Programmed_UART_1.X.production.map \
  -E1 -ver=XC8 -ACONST=00h-0FFhx32 -ACODE=00h-07FFhx4 -ASTRCODE=00h-01FFFh \
  -AENTRY=00h-0FFhx32 -ASTRING=00h-0FFhx32 -ACOMMON=070h-07Fh \
  -ABANK0=020h-06Fh -ABANK1=0A0h-0EFh -ABANK2=0110h-016Fh \
  -ABANK3=0190h-01EFh -ARAM=020h-06Fh,0A0h-0EFh,0110h-016Fh,0190h-01EFh \
  -AABS1=020h-07Fh,0A0h-0EFh,0110h-016Fh,0190h-01EFh -ASFR0=00h-01Fh \
  -ASFR1=080h-09Fh -ASFR2=0100h-010Fh -ASFR3=0180h-018Fh \
  -preset_vec=00h,intentry,init,end_init -ppowerup=CODE -pfunctab=CODE \
  -ACONFIG=02007h-02007h -pconfig=CONFIG -DCONFIG=2 -AIDLOC=02000h-02003h \
  -pidloc=IDLOC -DIDLOC=2 -AEEDATA=00h-0FFh/02100h -peeprom_data=EEDATA \
  -DEEDATA=2 -DCODE=2 -DSTRCODE=2 -DSTRING=2 -DCONST=2 -DENTRY=2 -k \
  C:\Users\HATAKE~1\AppData\Local\Temp\s1d54.obj \
  dist/default/production\PR_27_Slave_Programmed_UART_1.X.production.obj 

Object code version is 3.10

Machine type is 16F876A



                Name                               Link     Load   Length Selector   Space Scale
C:\Users\HATAKE~1\AppData\Local\Temp\s1d54.obj
                end_init                              0        0        3        0       0
dist/default/production\PR_27_Slave_Programmed_UART_1.X.production.obj
                config                             2007     2007        1     400E       0
                text201                             18C      18C       30      318       0
                text200                             11C      11C       25      238       0
                text199                             3E7      3E7      200      7CE       0
                text198                             5E7      5E7      219      BCE       0
                text197                             1BC      1BC       7A      378       0
                text196                             166      166       26      2CC       0
                text195                             141      141       25      282       0
                text194                              FF       FF       1D      1FE       0
                text193                              EB       EB       14      1D6       0
                maintext                            236      236      1B1      46C       0
                cstackCOMMON                         70       70        D       70       1
                bssBANK0                             20       20        4       20       1
                bssCOMMON                            7D       7D        1       70       1
                cinit                                E2       E2        9      1C4       0
                strings                               3        3       1F        6       0

TOTAL           Name                               Link     Load   Length     Space
        CLASS   CONST          

        CLASS   CODE           
                end_init                              0        0        3         0
                text201                             18C      18C       30         0
                text200                             11C      11C       25         0
                text199                             3E7      3E7      200         0
                text198                             5E7      5E7      219         0
                text197                             1BC      1BC       7A         0
                text196                             166      166       26         0
                text195                             141      141       25         0
                text194                              FF       FF       1D         0
                text193                              EB       EB       14         0
                maintext                            236      236      1B1         0
                cinit                                E2       E2        9         0

        CLASS   STRCODE        

        CLASS   ENTRY          

        CLASS   STRING         
                strings                               3        3       1F         0

        CLASS   COMMON         
                cstackCOMMON                         70       70        D         1
                bssCOMMON                            7D       7D        1         1

        CLASS   BANK0          
                bssBANK0                             20       20        4         1

        CLASS   BANK1          

        CLASS   BANK2          

        CLASS   BANK3          

        CLASS   RAM            

        CLASS   ABS1           
                abs_s1                               7E       7E        2         1

        CLASS   SFR0           

        CLASS   SFR1           

        CLASS   SFR2           

        CLASS   SFR3           

        CLASS   CONFIG         
                config                             2007     2007        1         0

        CLASS   IDLOC          

        CLASS   EEDATA         



SEGMENTS        Name                           Load    Length   Top    Selector   Space  Class     Delta

                reset_vec                      000000  000003  000003         0       0  CODE        2
                strings                        000003  00001F  000022         6       0  STRING      2
                bssBANK0                       000020  000004  000024        20       1  BANK0       1
                cstackCOMMON                   000070  00000E  00007E        70       1  COMMON      1
                cinit                          0000E2  000009  0000EB       1C4       0  CODE        2
                text193                        0000EB  000014  0000FF       1D6       0  CODE        2
                text194                        0000FF  00001D  00011C       1FE       0  CODE        2
                text200                        00011C  000025  000141       238       0  CODE        2
                text195                        000141  000025  000166       282       0  CODE        2
                text196                        000166  000026  00018C       2CC       0  CODE        2
                text201                        00018C  000030  0001BC       318       0  CODE        2
                text197                        0001BC  00007A  000236       378       0  CODE        2
                maintext                       000236  0001B1  0003E7       46C       0  CODE        2
                text199                        0003E7  000200  0005E7       7CE       0  CODE        2
                text198                        0005E7  000219  000800       BCE       0  CODE        2
                config                         002007  000001  002008      400E       0  CONFIG      2


UNUSED ADDRESS RANGES

        Name                Unused          Largest block    Delta
        BANK0            0024-006F             4C           1
        BANK1            00A0-00EF             50           1
        BANK2            0110-016F             60           1
        BANK3            0190-01EF             60           1
        CODE             0022-00E1             C0           2
                         0800-1FFF            800
        CONST            0022-00E1             C0           2
                         0800-1FFF            100
        EEDATA           2100-21FF            100           2
        ENTRY            0022-00E1             C0           2
                         0800-1FFF            100
        IDLOC            2000-2003              4           2
        RAM              0024-006F             4C           1
                         00A0-00EF             50
                         0110-016F             60
                         0190-01EF             60
        SFR0             0000-001F             20           1
        SFR1             0080-009F             20           1
        SFR2             0100-010F             10           1
        SFR3             0180-018F             10           1
        STRCODE          0022-00E1             C0           2
                         0800-1FFF           1800
        STRING           0022-00E1             C0           2
                         0800-1FFF            100

                                  Symbol Table

??_delay              cstackCOMMON 0074
??_lcd_clr            cstackCOMMON 0079
??_lcd_goto           cstackCOMMON 0079
??_main               cstackCOMMON 007B
??_send_char          cstackCOMMON 0078
??_send_config        cstackCOMMON 0078
??_send_string        cstackCOMMON 0079
??_uart_init          cstackCOMMON 0070
??_uart_read          cstackCOMMON 0070
??_uart_write         cstackCOMMON 0071
?_delay               cstackCOMMON 0070
?_lcd_clr             cstackCOMMON 0070
?_lcd_goto            cstackCOMMON 0070
?_main                cstackCOMMON 0070
?_send_char           cstackCOMMON 0070
?_send_config         cstackCOMMON 0070
?_send_string         cstackCOMMON 0070
?_uart_init           cstackCOMMON 0070
?_uart_read           cstackCOMMON 0070
?_uart_write          cstackCOMMON 0070
_ADCON1               (abs)        009F
_PORTB                (abs)        0006
_RA0                  (abs)        0028
_RA1                  (abs)        0029
_RA2                  (abs)        002A
_RA3                  (abs)        002B
_RA4                  (abs)        002C
_RA5                  (abs)        002D
_RC0                  (abs)        0038
_RC1                  (abs)        0039
_RC2                  (abs)        003A
_RC3                  (abs)        003B
_RC4                  (abs)        003C
_RC5                  (abs)        003D
_TRISA                (abs)        0085
_TRISB                (abs)        0086
_TRISC                (abs)        0087
_TRISC0               (abs)        0438
_TRISC1               (abs)        0439
_TRISC2               (abs)        043A
_TRISC3               (abs)        043B
__Habs1               abs1         0000
__Hbank0              bank0        0000
__Hbank1              bank1        0000
__Hbank2              bank2        0000
__Hbank3              bank3        0000
__HbssBANK0           bssBANK0     0000
__HbssCOMMON          bssCOMMON    0000
__Hcinit              cinit        0000
__Hclrtext            clrtext      0000
__Hcode               code         0000
__Hcommon             common       0000
__Hconfig             config       2008
__HcstackCOMMON       cstackCOMMON 0000
__Heeprom_data        eeprom_data  0000
__Hend_init           end_init     0003
__Hfunctab            functab      0000
__Hidloc              idloc        0000
__Hinit               init         0000
__Hintentry           intentry     0000
__Hmaintext           maintext     0000
__Hpowerup            powerup      0000
__Hram                ram          0000
__Hreset_vec          reset_vec    0000
__Hsfr0               sfr0         0000
__Hsfr1               sfr1         0000
__Hsfr2               sfr2         0000
__Hsfr3               sfr3         0000
__Hstrings            strings      0000
__Htext               text         0000
__Labs1               abs1         0000
__Lbank0              bank0        0000
__Lbank1              bank1        0000
__Lbank2              bank2        0000
__Lbank3              bank3        0000
__LbssBANK0           bssBANK0     0000
__LbssCOMMON          bssCOMMON    0000
__Lcinit              cinit        0000
__Lclrtext            clrtext      0000
__Lcode               code         0000
__Lcommon             common       0000
__Lconfig             config       2007
__LcstackCOMMON       cstackCOMMON 0000
__Leeprom_data        eeprom_data  0000
__Lend_init           end_init     0000
__Lfunctab            functab      0000
__Lidloc              idloc        0000
__Linit               init         0000
__Lintentry           intentry     0000
__Lmaintext           maintext     0000
__Lpowerup            powerup      0000
__Lram                ram          0000
__Lreset_vec          reset_vec    0000
__Lsfr0               sfr0         0000
__Lsfr1               sfr1         0000
__Lsfr2               sfr2         0000
__Lsfr3               sfr3         0000
__Lstrings            strings      0000
__Ltext               text         0000
__S0                  (abs)        2008
__S1                  (abs)        007E
__S2                  (abs)        0000
__end_of_delay        text201      01BC
__end_of_lcd_clr      text193      00FF
__end_of_lcd_goto     text194      011C
__end_of_main         maintext     03E7
__end_of_send_char    text200      0141
__end_of_send_config  text195      0166
__end_of_send_string  text196      018C
__end_of_uart_init    text197      0236
__end_of_uart_read    text198      0800
__end_of_uart_write   text199      05E7
__pbssBANK0           bssBANK0     0020
__pbssCOMMON          bssCOMMON    007D
__pcstackCOMMON       cstackCOMMON 0070
__pmaintext           maintext     0236
__pstrings            strings      0003
__ptext193            text193      00EB
__ptext194            text194      00FF
__ptext195            text195      0141
__ptext196            text196      0166
__ptext197            text197      01BC
__ptext198            text198      05E7
__ptext199            text199      03E7
__ptext200            text200      011C
__ptext201            text201      018C
__ptext202            text202      0000
__size_of_delay       (abs)        0000
__size_of_lcd_clr     (abs)        0000
__size_of_lcd_goto    (abs)        0000
__size_of_main        (abs)        0000
__size_of_send_char   (abs)        0000
__size_of_send_config (abs)        0000
__size_of_send_string (abs)        0000
__size_of_uart_init   (abs)        0000
__size_of_uart_read   (abs)        0000
__size_of_uart_write  (abs)        0000
_delay                text201      018C
_dummy_byte           bssCOMMON    007D
_k                    bssBANK0     0020
_lcd_clr              text193      00EB
_lcd_goto             text194      00FF
_m                    bssBANK0     0022
_main                 maintext     0236
_send_char            text200      011C
_send_config          text195      0141
_send_string          text196      0166
_uart_init            text197      01BC
_uart_read            text198      05E7
_uart_write           text199      03E7
btemp                 (abs)        007E
delay@data            cstackCOMMON 0070
end_of_initialization cinit        00E7
intlevel0             functab      0000
intlevel1             functab      0000
intlevel2             functab      0000
intlevel3             functab      0000
intlevel4             functab      0000
intlevel5             functab      0000
lcd_goto@data         cstackCOMMON 007A
main@data_to_read     cstackCOMMON 007C
reset_vec             reset_vec    0000
send_char@data        cstackCOMMON 0078
send_config@data      cstackCOMMON 0078
send_string@s         cstackCOMMON 007A
start                 init         0000
start_initialization  cinit        00E2
uart_init@channel     cstackCOMMON 0070
uart_read@channel     cstackCOMMON 0073
uart_read@dummy_mask  cstackCOMMON 0072
uart_read@i           cstackCOMMON 0075
uart_read@result      cstackCOMMON 0074
uart_write@channel    cstackCOMMON 0073
uart_write@data       cstackCOMMON 0070
uart_write@i          cstackCOMMON 0074
wtemp0                (abs)        007E
