HI-TECH Software XC8 Compiler V1.00 ()

Linker command line:

--edf=C:\Program Files (x86)\Microchip\xc8\v1.00\dat\en_msgs.txt -cs \
  -h+dist/default/production\PR_27_Slave_Internal_UART.X.production.sym -z \
  -Q16F876A -ol.obj \
  -Mdist/default/production/PR_27_Slave_Internal_UART.X.production.map -E1 \
  -ver=XC8 -ACONST=00h-0FFhx32 -ACODE=00h-07FFhx4 -ASTRCODE=00h-01FFFh \
  -AENTRY=00h-0FFhx32 -ASTRING=00h-0FFhx32 -ACOMMON=070h-07Fh \
  -ABANK0=020h-06Fh -ABANK1=0A0h-0EFh -ABANK2=0110h-016Fh \
  -ABANK3=0190h-01EFh -ARAM=020h-06Fh,0A0h-0EFh,0110h-016Fh,0190h-01EFh \
  -AABS1=020h-07Fh,0A0h-0EFh,0110h-016Fh,0190h-01EFh -ASFR0=00h-01Fh \
  -ASFR1=080h-09Fh -ASFR2=0100h-010Fh -ASFR3=0180h-018Fh \
  -preset_vec=00h,intentry,init,end_init -ppowerup=CODE -pfunctab=CODE \
  -ACONFIG=02007h-02007h -pconfig=CONFIG -DCONFIG=2 -AIDLOC=02000h-02003h \
  -pidloc=IDLOC -DIDLOC=2 -AEEDATA=00h-0FFh/02100h -peeprom_data=EEDATA \
  -DEEDATA=2 -DCODE=2 -DSTRCODE=2 -DSTRING=2 -DCONST=2 -DENTRY=2 -k \
  C:\Users\HATAKE~1\AppData\Local\Temp\s1e04.obj \
  dist/default/production\PR_27_Slave_Internal_UART.X.production.obj 

Object code version is 3.10

Machine type is 16F876A



                Name                               Link     Load   Length Selector   Space Scale
C:\Users\HATAKE~1\AppData\Local\Temp\s1e04.obj
                end_init                              0        0        3        0       0
dist/default/production\PR_27_Slave_Internal_UART.X.production.obj
                config                             2007     2007        1     400E       0
                text188                             62D      62D       30      C5A       0
                text187                             5BD      5BD       25      B7A       0
                text186                             571      571        C      AE2       0
                text185                             57D      57D        F      AFA       0
                text184                             607      607       26      C0E       0
                text183                             5E2      5E2       25      BC4       0
                text182                             5A0      5A0       1D      B40       0
                text181                             58C      58C       14      B18       0
                maintext                            65D      65D      1A3      CBA       0
                cstackCOMMON                         70       70        E       70       1
                bssBANK0                             20       20        5       20       1
                cinit                               568      568        9      AD0       0
                strings                               3        3       21        6       0

TOTAL           Name                               Link     Load   Length     Space
        CLASS   CONST          

        CLASS   CODE           
                end_init                              0        0        3         0
                text188                             62D      62D       30         0
                text187                             5BD      5BD       25         0
                text186                             571      571        C         0
                text185                             57D      57D        F         0
                text184                             607      607       26         0
                text183                             5E2      5E2       25         0
                text182                             5A0      5A0       1D         0
                text181                             58C      58C       14         0
                maintext                            65D      65D      1A3         0
                cinit                               568      568        9         0

        CLASS   STRCODE        

        CLASS   ENTRY          

        CLASS   STRING         
                strings                               3        3       21         0

        CLASS   COMMON         
                cstackCOMMON                         70       70        E         1

        CLASS   BANK0          
                bssBANK0                             20       20        5         1

        CLASS   BANK1          

        CLASS   BANK2          

        CLASS   BANK3          

        CLASS   RAM            

        CLASS   ABS1           
                abs_s1                               7E       7E        2         1

        CLASS   SFR0           

        CLASS   SFR1           

        CLASS   SFR2           

        CLASS   SFR3           

        CLASS   CONFIG         
                config                             2007     2007        1         0

        CLASS   IDLOC          

        CLASS   EEDATA         



SEGMENTS        Name                           Load    Length   Top    Selector   Space  Class     Delta

                reset_vec                      000000  000003  000003         0       0  CODE        2
                strings                        000003  000021  000024         6       0  STRING      2
                bssBANK0                       000020  000005  000025        20       1  BANK0       1
                cstackCOMMON                   000070  00000E  00007E        70       1  COMMON      1
                cinit                          000568  000009  000571       AD0       0  CODE        2
                text186                        000571  00000C  00057D       AE2       0  CODE        2
                text185                        00057D  00000F  00058C       AFA       0  CODE        2
                text181                        00058C  000014  0005A0       B18       0  CODE        2
                text182                        0005A0  00001D  0005BD       B40       0  CODE        2
                text187                        0005BD  000025  0005E2       B7A       0  CODE        2
                text183                        0005E2  000025  000607       BC4       0  CODE        2
                text184                        000607  000026  00062D       C0E       0  CODE        2
                text188                        00062D  000030  00065D       C5A       0  CODE        2
                maintext                       00065D  0001A3  000800       CBA       0  CODE        2
                config                         002007  000001  002008      400E       0  CONFIG      2


UNUSED ADDRESS RANGES

        Name                Unused          Largest block    Delta
        BANK0            0025-006F             4B           1
        BANK1            00A0-00EF             50           1
        BANK2            0110-016F             60           1
        BANK3            0190-01EF             60           1
        CODE             0024-0567            544           2
                         0800-1FFF            800
        CONST            0024-0567            100           2
                         0800-1FFF            100
        EEDATA           2100-21FF            100           2
        ENTRY            0024-0567            100           2
                         0800-1FFF            100
        IDLOC            2000-2003              4           2
        RAM              0025-006F             4B           1
                         00A0-00EF             50
                         0110-016F             60
                         0190-01EF             60
        SFR0             0000-001F             20           1
        SFR1             0080-009F             20           1
        SFR2             0100-010F             10           1
        SFR3             0180-018F             10           1
        STRCODE          0024-0567            544           2
                         0800-1FFF           1800
        STRING           0024-0567            100           2
                         0800-1FFF            100

                                  Symbol Table

??_delay                      cstackCOMMON 0074
??_internal_uart_read         cstackCOMMON 0070
??_internal_uart_write        cstackCOMMON 0070
??_lcd_clr                    cstackCOMMON 0079
??_lcd_goto                   cstackCOMMON 0079
??_main                       cstackCOMMON 007B
??_send_char                  cstackCOMMON 0078
??_send_config                cstackCOMMON 0078
??_send_string                cstackCOMMON 0079
?_delay                       cstackCOMMON 0070
?_internal_uart_read          cstackCOMMON 0070
?_internal_uart_write         cstackCOMMON 0070
?_lcd_clr                     cstackCOMMON 0070
?_lcd_goto                    cstackCOMMON 0070
?_main                        cstackCOMMON 0070
?_send_char                   cstackCOMMON 0070
?_send_config                 cstackCOMMON 0070
?_send_string                 cstackCOMMON 0070
_ADCON1                       (abs)        009F
_BRGH                         (abs)        04C2
_CREN                         (abs)        00C4
_PORTB                        (abs)        0006
_RA0                          (abs)        0028
_RA1                          (abs)        0029
_RA2                          (abs)        002A
_RA3                          (abs)        002B
_RA4                          (abs)        002C
_RA5                          (abs)        002D
_RC0                          (abs)        0038
_RC1                          (abs)        0039
_RC2                          (abs)        003A
_RC3                          (abs)        003B
_RC4                          (abs)        003C
_RC5                          (abs)        003D
_RCIF                         (abs)        0065
_RCREG                        (abs)        001A
_RX9                          (abs)        00C6
_SPBRG                        (abs)        0099
_SPEN                         (abs)        00C7
_TRISA                        (abs)        0085
_TRISB                        (abs)        0086
_TRISC                        (abs)        0087
_TRISC0                       (abs)        0438
_TRISC1                       (abs)        0439
_TRISC2                       (abs)        043A
_TRISC3                       (abs)        043B
_TRISC6                       (abs)        043E
_TRISC7                       (abs)        043F
_TX9                          (abs)        04C6
_TXEN                         (abs)        04C5
_TXIF                         (abs)        0064
_TXREG                        (abs)        0019
__Habs1                       abs1         0000
__Hbank0                      bank0        0000
__Hbank1                      bank1        0000
__Hbank2                      bank2        0000
__Hbank3                      bank3        0000
__HbssBANK0                   bssBANK0     0000
__Hcinit                      cinit        0000
__Hclrtext                    clrtext      0000
__Hcode                       code         0000
__Hcommon                     common       0000
__Hconfig                     config       2008
__HcstackCOMMON               cstackCOMMON 0000
__Heeprom_data                eeprom_data  0000
__Hend_init                   end_init     0003
__Hfunctab                    functab      0000
__Hidloc                      idloc        0000
__Hinit                       init         0000
__Hintentry                   intentry     0000
__Hmaintext                   maintext     0000
__Hpowerup                    powerup      0000
__Hram                        ram          0000
__Hreset_vec                  reset_vec    0000
__Hsfr0                       sfr0         0000
__Hsfr1                       sfr1         0000
__Hsfr2                       sfr2         0000
__Hsfr3                       sfr3         0000
__Hstrings                    strings      0000
__Htext                       text         0000
__Labs1                       abs1         0000
__Lbank0                      bank0        0000
__Lbank1                      bank1        0000
__Lbank2                      bank2        0000
__Lbank3                      bank3        0000
__LbssBANK0                   bssBANK0     0000
__Lcinit                      cinit        0000
__Lclrtext                    clrtext      0000
__Lcode                       code         0000
__Lcommon                     common       0000
__Lconfig                     config       2007
__LcstackCOMMON               cstackCOMMON 0000
__Leeprom_data                eeprom_data  0000
__Lend_init                   end_init     0000
__Lfunctab                    functab      0000
__Lidloc                      idloc        0000
__Linit                       init         0000
__Lintentry                   intentry     0000
__Lmaintext                   maintext     0000
__Lpowerup                    powerup      0000
__Lram                        ram          0000
__Lreset_vec                  reset_vec    0000
__Lsfr0                       sfr0         0000
__Lsfr1                       sfr1         0000
__Lsfr2                       sfr2         0000
__Lsfr3                       sfr3         0000
__Lstrings                    strings      0000
__Ltext                       text         0000
__S0                          (abs)        2008
__S1                          (abs)        007E
__S2                          (abs)        0000
__end_of_delay                text188      065D
__end_of_internal_uart_read   text185      058C
__end_of_internal_uart_write  text186      057D
__end_of_lcd_clr              text181      05A0
__end_of_lcd_goto             text182      05BD
__end_of_main                 maintext     0800
__end_of_send_char            text187      05E2
__end_of_send_config          text183      0607
__end_of_send_string          text184      062D
__pbssBANK0                   bssBANK0     0020
__pcstackCOMMON               cstackCOMMON 0070
__pmaintext                   maintext     065D
__pstrings                    strings      0003
__ptext181                    text181      058C
__ptext182                    text182      05A0
__ptext183                    text183      05E2
__ptext184                    text184      0607
__ptext185                    text185      057D
__ptext186                    text186      0571
__ptext187                    text187      05BD
__ptext188                    text188      062D
__ptext189                    text189      0000
__size_of_delay               (abs)        0000
__size_of_internal_uart_read  (abs)        0000
__size_of_internal_uart_write (abs)        0000
__size_of_lcd_clr             (abs)        0000
__size_of_lcd_goto            (abs)        0000
__size_of_main                (abs)        0000
__size_of_send_char           (abs)        0000
__size_of_send_config         (abs)        0000
__size_of_send_string         (abs)        0000
_delay                        text188      062D
_dummy_byte                   bssBANK0     0024
_internal_uart_read           text185      057D
_internal_uart_write          text186      0571
_k                            bssBANK0     0020
_lcd_clr                      text181      058C
_lcd_goto                     text182      05A0
_m                            bssBANK0     0022
_main                         maintext     065D
_send_char                    text187      05BD
_send_config                  text183      05E2
_send_string                  text184      0607
btemp                         (abs)        007E
delay@data                    cstackCOMMON 0070
end_of_initialization         cinit        056D
internal_uart_read@rec_data   cstackCOMMON 0071
internal_uart_write@data      cstackCOMMON 0070
intlevel0                     functab      0000
intlevel1                     functab      0000
intlevel2                     functab      0000
intlevel3                     functab      0000
intlevel4                     functab      0000
intlevel5                     functab      0000
lcd_goto@data                 cstackCOMMON 007A
main@data_to_read             cstackCOMMON 007D
main@temp                     cstackCOMMON 007C
reset_vec                     reset_vec    0000
send_char@data                cstackCOMMON 0078
send_config@data              cstackCOMMON 0078
send_string@s                 cstackCOMMON 007A
start                         init         0000
start_initialization          cinit        0568
wtemp0                        (abs)        007E
