HI-TECH Software C Compiler 

Linker command line:

--edf=C:\Program Files\HI-TECH Software\dat\en_msgs.txt -cs \
  -h+Internal Programmer.sym -z -Q16F876A -ol.obj -MInternal Programmer.map \
  -E1 -ACONST=00h-0FFhx32 -ACODE=00h-07FFhx4 -ASTRCODE=00h-01FFFh \
  -AENTRY=00h-0FFhx32 -ASTRING=00h-0FFhx32 -ABANK0=020h-06Fh \
  -ABANK1=0A0h-0EFh -ABANK2=0110h-016Fh -ABANK3=0190h-01EFh \
  -ARAM=020h-06Fh,0A0h-0EFh,0110h-016Fh,0190h-01EFh \
  -AABS1=020h-07Fh,0A0h-0EFh,0110h-016Fh,0190h-01EFh -ACOMMON=070h-07Fh \
  -ASFR0=00h-01Fh -ASFR1=080h-09Fh -ASFR2=0100h-010Fh -ASFR3=0180h-018Fh \
  -preset_vec=00h,intentry,init,end_init -ppowerup=CODE -pfunctab=CODE \
  -ACONFIG=02007h-02007h -pconfig=CONFIG -DCONFIG=2 -AIDLOC=02000h-02003h \
  -pidloc=IDLOC -DIDLOC=2 -AEEDATA=00h-0FFh/02100h -peeprom_data=EEDATA \
  -DEEDATA=2 -DCODE=2 -DSTRCODE=2 -DSTRING=2 -DCONST=2 -DENTRY=2 -k \
  startup.obj Internal Programmer.obj 

Object code version is 3.10

Machine type is 16F876A



                Name                               Link     Load   Length Selector   Space Scale
startup.obj     end_init                              0        0        3        0       0
Internal Programmer.obj
                config                             2007     2007        1     400E       0
                text237                             153      153       92      2A6       0
                text236                             123      123       30      246       0
                text235                              B3       B3       25      166       0
                text234                             3AB      3AB      225      756       0
                text233                             5D0      5D0      230      BA0       0
                text232                              D8       D8       25      1B0       0
                text231                              82       82       14      104       0
                text230                              96       96       1D      12C       0
                text229                              FD       FD       26      1FA       0
                maintext                            1E5      1E5      1C6      3CA       0
                cstackCOMMON                         70       70        D       70       1
                bssBANK0                             20       20        4       20       1
                bssCOMMON                            7D       7D        1       70       1
                cinit                                79       79        9       F2       0
                strings                               3        3       1F        6       0

TOTAL           Name                               Link     Load   Length     Space
        CLASS   CONST          

        CLASS   CODE           
                end_init                              0        0        3         0
                text237                             153      153       92         0
                text236                             123      123       30         0
                text235                              B3       B3       25         0
                text234                             3AB      3AB      225         0
                text233                             5D0      5D0      230         0
                text232                              D8       D8       25         0
                text231                              82       82       14         0
                text230                              96       96       1D         0
                text229                              FD       FD       26         0
                maintext                            1E5      1E5      1C6         0
                cinit                                79       79        9         0

        CLASS   STRCODE        

        CLASS   ENTRY          

        CLASS   STRING         
                strings                               3        3       1F         0

        CLASS   BANK0          
                bssBANK0                             20       20        4         1

        CLASS   BANK1          

        CLASS   BANK2          

        CLASS   BANK3          

        CLASS   RAM            

        CLASS   ABS1           
                abs_s1                               7E       7E        2         1

        CLASS   COMMON         
                cstackCOMMON                         70       70        D         1
                bssCOMMON                            7D       7D        1         1

        CLASS   SFR0           

        CLASS   SFR1           

        CLASS   SFR2           

        CLASS   SFR3           

        CLASS   CONFIG         
                config                             2007     2007        1         0

        CLASS   IDLOC          

        CLASS   EEDATA         



SEGMENTS        Name                           Load    Length   Top    Selector   Space  Class     Delta

                reset_vec                      000000  000003  000003         0       0  CODE        2
                strings                        000003  00001F  000022         6       0  STRING      2
                bssBANK0                       000020  000004  000024        20       1  BANK0       1
                cstackCOMMON                   000070  00000E  00007E        70       1  COMMON      1
                cinit                          000079  000009  000082        F2       0  CODE        2
                text231                        000082  000014  000096       104       0  CODE        2
                text230                        000096  00001D  0000B3       12C       0  CODE        2
                text235                        0000B3  000025  0000D8       166       0  CODE        2
                text232                        0000D8  000025  0000FD       1B0       0  CODE        2
                text229                        0000FD  000026  000123       1FA       0  CODE        2
                text236                        000123  000030  000153       246       0  CODE        2
                text237                        000153  000092  0001E5       2A6       0  CODE        2
                maintext                       0001E5  0001C6  0003AB       3CA       0  CODE        2
                text234                        0003AB  000225  0005D0       756       0  CODE        2
                text233                        0005D0  000230  000800       BA0       0  CODE        2
                config                         002007  000001  002008      400E       0  CONFIG      2


UNUSED ADDRESS RANGES

        Name                Unused          Largest block    Delta
        BANK0            0024-006F             4C           1
        BANK1            00A0-00EF             50           1
        BANK2            0110-016F             60           1
        BANK3            0190-01EF             60           1
        CODE             0022-0078             57           2
                         0800-1FFF            800
        CONST            0022-0078             57           2
                         0800-1FFF            100
        EEDATA           2100-21FF            100           2
        ENTRY            0022-0078             57           2
                         0800-1FFF            100
        IDLOC            2000-2003              4           2
        RAM              0024-006F             4C           1
                         00A0-00EF             50
                         0110-016F             60
                         0190-01EF             60
        SFR0             0000-001F             20           1
        SFR1             0080-009F             20           1
        SFR2             0100-010F             10           1
        SFR3             0180-018F             10           1
        STRCODE          0022-0078             57           2
                         0800-1FFF           1800
        STRING           0022-0078             57           2
                         0800-1FFF            100

                                  Symbol Table

??_delay              cstackCOMMON 0074
??_lcd_clr            cstackCOMMON 0079
??_lcd_goto           cstackCOMMON 0079
??_main               cstackCOMMON 007B
??_send_char          cstackCOMMON 0078
??_send_config        cstackCOMMON 0078
??_send_string        cstackCOMMON 0079
??_uart_init          cstackCOMMON 0070
??_uart_read          cstackCOMMON 0070
??_uart_write         cstackCOMMON 0071
?_delay               cstackCOMMON 0070
?_lcd_clr             cstackCOMMON 0070
?_lcd_goto            cstackCOMMON 0070
?_main                cstackCOMMON 0070
?_send_char           cstackCOMMON 0070
?_send_config         cstackCOMMON 0070
?_send_string         cstackCOMMON 0070
?_uart_init           cstackCOMMON 0070
?_uart_read           cstackCOMMON 0070
?_uart_write          cstackCOMMON 0070
_ADCON1               (abs)        009F
_PORTB                (abs)        0006
_RA0                  (abs)        0028
_RA1                  (abs)        0029
_RA2                  (abs)        002A
_RA3                  (abs)        002B
_RA4                  (abs)        002C
_RA5                  (abs)        002D
_RC0                  (abs)        0038
_RC1                  (abs)        0039
_RC2                  (abs)        003A
_RC3                  (abs)        003B
_RC4                  (abs)        003C
_RC5                  (abs)        003D
_TRISA                (abs)        0085
_TRISB                (abs)        0086
_TRISC                (abs)        0087
_TRISC0               (abs)        0438
_TRISC1               (abs)        0439
_TRISC2               (abs)        043A
_TRISC3               (abs)        043B
__Habs1               abs1         0000
__Hbank0              bank0        0000
__Hbank1              bank1        0000
__Hbank2              bank2        0000
__Hbank3              bank3        0000
__HbssBANK0           bssBANK0     0000
__HbssCOMMON          bssCOMMON    0000
__Hcinit              cinit        0000
__Hclrtext            clrtext      0000
__Hcode               code         0000
__Hcommon             common       0000
__Hconfig             config       2008
__HcstackCOMMON       cstackCOMMON 0000
__Heeprom_data        eeprom_data  0000
__Hend_init           end_init     0003
__Hfunctab            functab      0000
__Hidloc              idloc        0000
__Hinit               init         0000
__Hintentry           intentry     0000
__Hmaintext           maintext     0000
__Hpowerup            powerup      0000
__Hram                ram          0000
__Hreset_vec          reset_vec    0000
__Hsfr0               sfr0         0000
__Hsfr1               sfr1         0000
__Hsfr2               sfr2         0000
__Hsfr3               sfr3         0000
__Hstrings            strings      0000
__Htext               text         0000
__Labs1               abs1         0000
__Lbank0              bank0        0000
__Lbank1              bank1        0000
__Lbank2              bank2        0000
__Lbank3              bank3        0000
__LbssBANK0           bssBANK0     0000
__LbssCOMMON          bssCOMMON    0000
__Lcinit              cinit        0000
__Lclrtext            clrtext      0000
__Lcode               code         0000
__Lcommon             common       0000
__Lconfig             config       2007
__LcstackCOMMON       cstackCOMMON 0000
__Leeprom_data        eeprom_data  0000
__Lend_init           end_init     0000
__Lfunctab            functab      0000
__Lidloc              idloc        0000
__Linit               init         0000
__Lintentry           intentry     0000
__Lmaintext           maintext     0000
__Lpowerup            powerup      0000
__Lram                ram          0000
__Lreset_vec          reset_vec    0000
__Lsfr0               sfr0         0000
__Lsfr1               sfr1         0000
__Lsfr2               sfr2         0000
__Lsfr3               sfr3         0000
__Lstrings            strings      0000
__Ltext               text         0000
__S0                  (abs)        2008
__S1                  (abs)        007E
__S2                  (abs)        0000
__end_of_delay        text236      0153
__end_of_lcd_clr      text231      0096
__end_of_lcd_goto     text230      00B3
__end_of_main         maintext     03AB
__end_of_send_char    text232      00FD
__end_of_send_config  text235      00D8
__end_of_send_string  text229      0123
__end_of_uart_init    text237      01E5
__end_of_uart_read    text234      05D0
__end_of_uart_write   text233      0800
__pbssBANK0           bssBANK0     0020
__pbssCOMMON          bssCOMMON    007D
__pcstackCOMMON       cstackCOMMON 0070
__pmaintext           maintext     01E5
__pstrings            strings      0003
__ptext228            text228      0000
__ptext229            text229      00FD
__ptext230            text230      0096
__ptext231            text231      0082
__ptext232            text232      00D8
__ptext233            text233      05D0
__ptext234            text234      03AB
__ptext235            text235      00B3
__ptext236            text236      0123
__ptext237            text237      0153
__ptext238            text238      0000
__size_of_delay       (abs)        0000
__size_of_lcd_clr     (abs)        0000
__size_of_lcd_goto    (abs)        0000
__size_of_main        (abs)        0000
__size_of_send_char   (abs)        0000
__size_of_send_config (abs)        0000
__size_of_send_string (abs)        0000
__size_of_uart_init   (abs)        0000
__size_of_uart_read   (abs)        0000
__size_of_uart_write  (abs)        0000
_delay                text236      0123
_dummy_byte           bssCOMMON    007D
_exit                 init         0000
_k                    bssBANK0     0020
_lcd_clr              text231      0082
_lcd_goto             text230      0096
_m                    bssBANK0     0022
_main                 maintext     01E5
_send_char            text232      00D8
_send_config          text235      00B3
_send_string          text229      00FD
_uart_init            text237      0153
_uart_read            text234      03AB
_uart_write           text233      05D0
btemp                 (abs)        007E
delay@data            cstackCOMMON 0070
end_of_initialization cinit        007E
intlevel0             functab      0000
intlevel1             functab      0000
intlevel2             functab      0000
intlevel3             functab      0000
intlevel4             functab      0000
intlevel5             functab      0000
lcd_goto@data         cstackCOMMON 007A
main@data_to_read     cstackCOMMON 007C
reset_vec             reset_vec    0000
send_char@data        cstackCOMMON 0078
send_config@data      cstackCOMMON 0078
send_string@s         cstackCOMMON 007A
start                 init         0000
start_initialization  cinit        0079
uart_init@channel     cstackCOMMON 0070
uart_read@channel     cstackCOMMON 0073
uart_read@dummy_mask  cstackCOMMON 0072
uart_read@i           cstackCOMMON 0075
uart_read@result      cstackCOMMON 0074
uart_write@channel    cstackCOMMON 0073
uart_write@data       cstackCOMMON 0070
uart_write@i          cstackCOMMON 0074
wtemp0                (abs)        007E
