Microchip MPLAB XC8 Compiler V1.34 ()

Linker command line:

--edf=C:\Program Files (x86)\Microchip\xc8\v1.34\dat\en_msgs.txt -cs \
  -h+dist/default/production\PR27.X.production.sym \
  --cmf=dist/default/production\PR27.X.production.cmf -z -Q16F877A \
  -oC:\Users\TRAINE~1\AppData\Local\Temp\s37g.6 \
  -Mdist/default/production/PR27.X.production.map -E1 -ver=XC8 \
  -ASTACK=0110h-016fh -pstack=STACK -ACODE=00h-07FFhx4 -ASTRCODE=00h-01FFFh \
  -ASTRING=00h-0FFhx32 -ACONST=00h-0FFhx32 -AENTRY=00h-0FFhx32 \
  -ACOMMON=070h-07Fh -ABANK0=020h-06Fh -ABANK1=0A0h-0EFh \
  -ABANK2=0110h-016Fh -ABANK3=0190h-01EFh \
  -ARAM=020h-06Fh,0A0h-0EFh,0110h-016Fh,0190h-01EFh \
  -AABS1=020h-07Fh,0A0h-0EFh,0110h-016Fh,0190h-01EFh -ASFR0=00h-01Fh \
  -ASFR1=080h-09Fh -ASFR2=0100h-010Fh -ASFR3=0180h-018Fh \
  -preset_vec=00h,intentry,init,end_init -ppowerup=CODE -pcinit=CODE \
  -pfunctab=CODE -ACONFIG=02007h-02007h -pconfig=CONFIG -DCONFIG=2 \
  -AIDLOC=02000h-02003h -pidloc=IDLOC -DIDLOC=2 -AEEDATA=00h-0FFh/02100h \
  -peeprom_data=EEDATA -DEEDATA=2 -DCODE=2 -DSTRCODE=2 -DSTRING=2 -DCONST=2 \
  -DENTRY=2 -k C:\Users\TRAINE~1\AppData\Local\Temp\s37g.obj \
  dist/default/production\PR27.X.production.obj 

Object code version is 3.11

Machine type is 16F877A



                Name                               Link     Load   Length Selector   Space Scale
C:\Users\TRAINE~1\AppData\Local\Temp\s37g.obj
                end_init                              0        0        3        0       0
                config                             2007     2007        1     400E       0
dist/default/production\PR27.X.production.obj
                cinit                               7F6      7F6        A      FEC       0
                text11                              5C5      5C5       23      B8A       0
                text10                              5E8      5E8       23      BD0       0
                text9                               57E      57E       12      AFC       0
                text8                               590      590       16      B20       0
                text7                               574      574        A      AE8       0
                text6                               56C      56C        8      AD8       0
                text5                               62E      62E       2E      C5C       0
                text4                               65C      65C       2E      CB8       0
                text3                               68A      68A       2E      D14       0
                text2                               60B      60B       23      C16       0
                text1                               5A6      5A6       1F      B4C       0
                maintext                            6B8      6B8      13E      D70       0
                cstackBANK0                          20       20        A       20       1
                cstackCOMMON                         70       70        C       70       1
                dataBANK0                            2A       2A        1       20       1
                strings                               3        3       22        6       0
                idataBANK0                          56B      56B        1      AD6       0

TOTAL           Name                               Link     Load   Length     Space
        CLASS   STACK          

        CLASS   CODE           
                end_init                              0        0        3         0
                cinit                               7F6      7F6        A         0
                text11                              5C5      5C5       23         0
                text10                              5E8      5E8       23         0
                text9                               57E      57E       12         0
                text8                               590      590       16         0
                text7                               574      574        A         0
                text6                               56C      56C        8         0
                text5                               62E      62E       2E         0
                text4                               65C      65C       2E         0
                text3                               68A      68A       2E         0
                text2                               60B      60B       23         0
                text1                               5A6      5A6       1F         0
                maintext                            6B8      6B8      13E         0
                idataBANK0                          56B      56B        1         0

        CLASS   STRCODE        

        CLASS   STRING         
                strings                               3        3       22         0

        CLASS   CONST          

        CLASS   ENTRY          

        CLASS   COMMON         
                cstackCOMMON                         70       70        C         1

        CLASS   BANK0          
                cstackBANK0                          20       20        A         1
                dataBANK0                            2A       2A        1         1

        CLASS   BANK1          

        CLASS   BANK2          

        CLASS   BANK3          

        CLASS   RAM            

        CLASS   ABS1           
                abs_s1                               7E       7E        2         1

        CLASS   SFR0           

        CLASS   SFR1           

        CLASS   SFR2           

        CLASS   SFR3           

        CLASS   CONFIG         
                config                             2007     2007        1         0

        CLASS   IDLOC          

        CLASS   EEDATA         



SEGMENTS        Name                           Load    Length   Top    Selector   Space  Class     Delta

                reset_vec                      000000  000003  000003         0       0  CODE        2
                strings                        000003  000022  000025         6       0  STRING      2
                cstackBANK0                    000020  00000B  00002B        20       1  BANK0       1
                cstackCOMMON                   000070  00000C  00007C        70       1  COMMON      1
                idataBANK0                     00056B  000001  00056C       AD6       0  CODE        2
                text6                          00056C  000008  000574       AD8       0  CODE        2
                text7                          000574  00000A  00057E       AE8       0  CODE        2
                text9                          00057E  000012  000590       AFC       0  CODE        2
                text8                          000590  000016  0005A6       B20       0  CODE        2
                text1                          0005A6  00001F  0005C5       B4C       0  CODE        2
                text11                         0005C5  000023  0005E8       B8A       0  CODE        2
                text10                         0005E8  000023  00060B       BD0       0  CODE        2
                text2                          00060B  000023  00062E       C16       0  CODE        2
                text5                          00062E  00002E  00065C       C5C       0  CODE        2
                text4                          00065C  00002E  00068A       CB8       0  CODE        2
                text3                          00068A  00002E  0006B8       D14       0  CODE        2
                maintext                       0006B8  00013E  0007F6       D70       0  CODE        2
                cinit                          0007F6  00000A  000800       FEC       0  CODE        2
                config                         002007  000001  002008      400E       0  CONFIG      2


UNUSED ADDRESS RANGES

        Name                Unused          Largest block    Delta
        BANK0            002B-006F             45           1
        BANK1            00A0-00EF             50           1
        BANK2            0110-016F             60           1
        BANK3            0190-01EF             60           1
        CODE             0025-056A            546           2
                         0800-1FFF            800
        COMMON           007C-007D              2           1
        CONST            0025-056A            100           2
                         0800-1FFF            100
        EEDATA           2100-21FF            100           2
        ENTRY            0025-056A            100           2
                         0800-1FFF            100
        IDLOC            2000-2003              4           2
        RAM              002B-006F             45           1
                         00A0-00EF             50
                         0110-016F             60
                         0190-01EF             60
        SFR0             0000-001F             20           1
        SFR1             0080-009F             20           1
        SFR2             0100-010F             10           1
        SFR3             0180-018F             10           1
        STACK            0110-016F             60           1
        STRCODE          0025-056A            546           2
                         0800-1FFF           1800
        STRING           0025-056A            100           2
                         0800-1FFF            100

                                  Symbol Table

_ADCON1                       (abs)        009F
_BRGH                         (abs)        04C2
_CREN                         (abs)        00C4
_PORTB                        (abs)        0006
_RA0                          (abs)        0028
_RA1                          (abs)        0029
_RA2                          (abs)        002A
_RA3                          (abs)        002B
_RA4                          (abs)        002C
_RA5                          (abs)        002D
_RC4                          (abs)        003C
_RC5                          (abs)        003D
_RCIF                         (abs)        0065
_RCREG                        (abs)        001A
_RX9                          (abs)        00C6
_SPBRG                        (abs)        0099
_SPEN                         (abs)        00C7
_TRISA                        (abs)        0085
_TRISB                        (abs)        0086
_TRISC                        (abs)        0087
_TRISC6                       (abs)        043E
_TRISC7                       (abs)        043F
_TX9                          (abs)        04C6
_TXEN                         (abs)        04C5
_TXIF                         (abs)        0064
_TXREG                        (abs)        0019
__CFG_BOREN$OFF               (abs)        0000
__CFG_CP$OFF                  (abs)        0000
__CFG_CPD$OFF                 (abs)        0000
__CFG_DEBUG$OFF               (abs)        0000
__CFG_FOSC$HS                 (abs)        0000
__CFG_LVP$OFF                 (abs)        0000
__CFG_PWRTE$ON                (abs)        0000
__CFG_WDTE$OFF                (abs)        0000
__CFG_WRT$OFF                 (abs)        0000
__Habs1                       abs1         0000
__Hbank0                      bank0        0000
__Hbank1                      bank1        0000
__Hbank2                      bank2        0000
__Hbank3                      bank3        0000
__Hcinit                      cinit        0800
__Hclrtext                    clrtext      0000
__Hcode                       code         0000
__Hcommon                     common       0000
__Hconfig                     config       2008
__HcstackBANK0                cstackBANK0  0000
__HcstackCOMMON               cstackCOMMON 0000
__HdataBANK0                  dataBANK0    0000
__Heeprom_data                eeprom_data  0000
__Hend_init                   end_init     0003
__Hfunctab                    functab      0000
__HidataBANK0                 idataBANK0   0000
__Hidloc                      idloc        0000
__Hinit                       init         0000
__Hintentry                   intentry     0000
__Hmaintext                   maintext     0000
__Hpowerup                    powerup      0000
__Hram                        ram          0000
__Hreset_vec                  reset_vec    0000
__Hsfr0                       sfr0         0000
__Hsfr1                       sfr1         0000
__Hsfr2                       sfr2         0000
__Hsfr3                       sfr3         0000
__Hspace_0                    (abs)        2008
__Hspace_1                    (abs)        007C
__Hspace_2                    (abs)        0000
__Hspace_3                    (abs)        0000
__Hstack                      stack        0000
__Hstrings                    strings      0000
__Htext                       text         0000
__Labs1                       abs1         0000
__Lbank0                      bank0        0000
__Lbank1                      bank1        0000
__Lbank2                      bank2        0000
__Lbank3                      bank3        0000
__Lcinit                      cinit        07F6
__Lclrtext                    clrtext      0000
__Lcode                       code         0000
__Lcommon                     common       0000
__Lconfig                     config       2007
__LcstackBANK0                cstackBANK0  0000
__LcstackCOMMON               cstackCOMMON 0000
__LdataBANK0                  dataBANK0    0000
__Leeprom_data                eeprom_data  0000
__Lend_init                   end_init     0000
__Lfunctab                    functab      0000
__LidataBANK0                 idataBANK0   0000
__Lidloc                      idloc        0000
__Linit                       init         0000
__Lintentry                   intentry     0000
__Lmaintext                   maintext     0000
__Lpowerup                    powerup      0000
__Lram                        ram          0000
__Lreset_vec                  reset_vec    0000
__Lsfr0                       sfr0         0000
__Lsfr1                       sfr1         0000
__Lsfr2                       sfr2         0000
__Lsfr3                       sfr3         0000
__Lspace_0                    (abs)        0000
__Lspace_1                    (abs)        0000
__Lspace_2                    (abs)        0000
__Lspace_3                    (abs)        0000
__Lstack                      stack        0000
__Lstrings                    strings      0000
__Ltext                       text         0000
__S0                          (abs)        2008
__S1                          (abs)        007C
__S2                          (abs)        0000
__S3                          (abs)        0000
___int_sp                     stack        0000
___latbits                    (abs)        0002
___sp                         stack        0000
__end_of__initialization      cinit        07FC
__end_of__stringtab           strings      0009
__end_of_delay                text11       05E8
__end_of_internal_uart_read   text7        057E
__end_of_internal_uart_write  text6        0574
__end_of_lcd_clr              text9        0590
__end_of_lcd_goto             text8        05A6
__end_of_main                 maintext     07F6
__end_of_onoff_slave_buzzer   text5        065C
__end_of_onoff_slave_led1     text4        068A
__end_of_onoff_slave_led2     text3        06B8
__end_of_send_char            text2        062E
__end_of_send_config          text10       060B
__end_of_send_string          text1        05C5
__initialization              cinit        07F6
__pcstackBANK0                cstackBANK0  0020
__pcstackCOMMON               cstackCOMMON 0070
__pdataBANK0                  dataBANK0    002A
__pidataBANK0                 idataBANK0   056B
__pmaintext                   maintext     06B8
__pstrings                    strings      0003
__ptext1                      text1        05A6
__ptext10                     text10       05E8
__ptext11                     text11       05C5
__ptext2                      text2        060B
__ptext3                      text3        068A
__ptext4                      text4        065C
__ptext5                      text5        062E
__ptext6                      text6        056C
__ptext7                      text7        0574
__ptext8                      text8        0590
__ptext9                      text9        057E
__size_of_delay               (abs)        0000
__size_of_internal_uart_read  (abs)        0000
__size_of_internal_uart_write (abs)        0000
__size_of_lcd_clr             (abs)        0000
__size_of_lcd_goto            (abs)        0000
__size_of_main                (abs)        0000
__size_of_onoff_slave_buzzer  (abs)        0000
__size_of_onoff_slave_led1    (abs)        0000
__size_of_onoff_slave_led2    (abs)        0000
__size_of_send_char           (abs)        0000
__size_of_send_config         (abs)        0000
__size_of_send_string         (abs)        0000
__stringbase                  strings      0008
__stringtab                   strings      0003
_delay                        text11       05C5
_dummy                        dataBANK0    002A
_internal_uart_read           text7        0574
_internal_uart_write          text6        056C
_lcd_clr                      text9        057E
_lcd_goto                     text8        0590
_main                         maintext     06B8
_onoff_slave_buzzer           text5        062E
_onoff_slave_led1             text4        065C
_onoff_slave_led2             text3        068A
_send_char                    text2        060B
_send_config                  text10       05E8
_send_string                  text1        05A6
btemp                         (abs)        007E
delay@data                    cstackCOMMON 0070
end_of_initialization         cinit        07FC
internal_uart_read@rec_data   cstackCOMMON 0071
internal_uart_write@data      cstackCOMMON 0070
intlevel0                     functab      0000
intlevel1                     functab      0000
intlevel2                     functab      0000
intlevel3                     functab      0000
intlevel4                     functab      0000
intlevel5                     functab      0000
lcd_goto@data                 cstackCOMMON 007A
ltemp                         (abs)        007E
ltemp0                        (abs)        007E
ltemp1                        (abs)        0082
ltemp2                        (abs)        0086
ltemp3                        (abs)        0080
main@slave_buzzer_flag        cstackBANK0  0023
main@slave_led1_flag          cstackBANK0  0021
main@slave_led2_flag          cstackBANK0  0022
main@slave_sw1_flag           cstackBANK0  0027
main@slave_sw2_flag           cstackBANK0  0028
main@slave_sw3_flag           cstackBANK0  0029
main@sw1_flag                 cstackBANK0  0024
main@sw2_flag                 cstackBANK0  0025
main@sw3_flag                 cstackBANK0  0026
main@temp                     cstackBANK0  0020
onoff_slave_buzzer@c          cstackCOMMON 0073
onoff_slave_led1@a            cstackCOMMON 0073
onoff_slave_led2@b            cstackCOMMON 0073
reset_vec                     reset_vec    0000
send_char@data                cstackCOMMON 0078
send_config@data              cstackCOMMON 0078
send_string@s                 cstackCOMMON 007A
stackhi                       (abs)        0000
stacklo                       (abs)        0000
start                         init         0000
start_initialization          cinit        07F6
ttemp                         (abs)        007E
ttemp0                        (abs)        007E
ttemp1                        (abs)        0081
ttemp2                        (abs)        0084
ttemp3                        (abs)        0087
ttemp4                        (abs)        007F
wtemp                         (abs)        007E
wtemp0                        (abs)        007E
wtemp1                        (abs)        0080
wtemp2                        (abs)        0082
wtemp3                        (abs)        0084
wtemp4                        (abs)        0086
wtemp5                        (abs)        0088
wtemp6                        (abs)        007F


FUNCTION INFORMATION:

 *************** function _main *****************
 Defined at:
		line 66 in file "../../Source file/Master_Internal UART.c"
 Parameters:    Size  Location     Type
		None
 Auto vars:     Size  Location     Type
  slave_sw3_fl    1    9[BANK0 ] unsigned char 
  slave_sw2_fl    1    8[BANK0 ] unsigned char 
  slave_sw1_fl    1    7[BANK0 ] unsigned char 
  sw3_flag        1    6[BANK0 ] unsigned char 
  sw2_flag        1    5[BANK0 ] unsigned char 
  sw1_flag        1    4[BANK0 ] unsigned char 
  slave_buzzer    1    3[BANK0 ] unsigned char 
  slave_led2_f    1    2[BANK0 ] unsigned char 
  slave_led1_f    1    1[BANK0 ] unsigned char 
  temp            1    0[BANK0 ] unsigned char 
 Return value:  Size  Location     Type
		None               void
 Registers used:
		wreg, fsr0l, fsr0h, status,2, status,0, pclath, cstack
 Tracked objects:
		On entry : 
		On exit  : 
		Unchanged: 
 Data sizes:     COMMON   BANK0   BANK1   BANK3   BANK2
      Params:         0       0       0       0       0
      Locals:         0      10       0       0       0
      Temps:          1       0       0       0       0
      Totals:         1      10       0       0       0
Total ram usage:       11 bytes
 Hardware stack levels required when called:    3
 This function calls:
		_internal_uart_read
		_internal_uart_write
		_lcd_clr
		_lcd_goto
		_onoff_slave_buzzer
		_onoff_slave_led1
		_onoff_slave_led2
		_send_config
		_send_string
 This function is called by:
		Startup code after reset
 This function uses a non-reentrant model


 *************** function _send_string *****************
 Defined at:
		line 322 in file "../../Source file/Master_Internal UART.c"
 Parameters:    Size  Location     Type
  s               1    wreg     PTR const unsigned char 
		 -> STR_2(16), STR_1(12), 
 Auto vars:     Size  Location     Type
  s               1   10[COMMON] PTR const unsigned char 
		 -> STR_2(16), STR_1(12), 
 Return value:  Size  Location     Type
		None               void
 Registers used:
		wreg, fsr0l, fsr0h, status,2, status,0, pclath, cstack
 Tracked objects:
		On entry : 
		On exit  : 
		Unchanged: 
 Data sizes:     COMMON   BANK0   BANK1   BANK3   BANK2
      Params:         0       0       0       0       0
      Locals:         1       0       0       0       0
      Temps:          1       0       0       0       0
      Totals:         2       0       0       0       0
Total ram usage:        2 bytes
 Hardware stack levels used:    1
 Hardware stack levels required when called:    2
 This function calls:
		_send_char
 This function is called by:
		_main
 This function uses a non-reentrant model


 *************** function _send_char *****************
 Defined at:
		line 244 in file "../../Source file/Master_Internal UART.c"
 Parameters:    Size  Location     Type
  data            1    wreg     unsigned char 
 Auto vars:     Size  Location     Type
  data            1    8[COMMON] unsigned char 
 Return value:  Size  Location     Type
		None               void
 Registers used:
		wreg, status,2, status,0, pclath, cstack
 Tracked objects:
		On entry : 
		On exit  : 
		Unchanged: 
 Data sizes:     COMMON   BANK0   BANK1   BANK3   BANK2
      Params:         0       0       0       0       0
      Locals:         1       0       0       0       0
      Temps:          0       0       0       0       0
      Totals:         1       0       0       0       0
Total ram usage:        1 bytes
 Hardware stack levels used:    1
 Hardware stack levels required when called:    1
 This function calls:
		_delay
 This function is called by:
		_send_string
 This function uses a non-reentrant model


 *************** function _onoff_slave_led2 *****************
 Defined at:
		line 276 in file "../../Source file/Master_Internal UART.c"
 Parameters:    Size  Location     Type
  b               1    wreg     unsigned char 
 Auto vars:     Size  Location     Type
  b               1    3[COMMON] unsigned char 
 Return value:  Size  Location     Type
		None               void
 Registers used:
		wreg, status,2, status,0, pclath, cstack
 Tracked objects:
		On entry : 
		On exit  : 
		Unchanged: 
 Data sizes:     COMMON   BANK0   BANK1   BANK3   BANK2
      Params:         0       0       0       0       0
      Locals:         1       0       0       0       0
      Temps:          1       0       0       0       0
      Totals:         2       0       0       0       0
Total ram usage:        2 bytes
 Hardware stack levels used:    1
 Hardware stack levels required when called:    1
 This function calls:
		_internal_uart_read
		_internal_uart_write
 This function is called by:
		_main
 This function uses a non-reentrant model


 *************** function _onoff_slave_led1 *****************
 Defined at:
		line 260 in file "../../Source file/Master_Internal UART.c"
 Parameters:    Size  Location     Type
  a               1    wreg     unsigned char 
 Auto vars:     Size  Location     Type
  a               1    3[COMMON] unsigned char 
 Return value:  Size  Location     Type
		None               void
 Registers used:
		wreg, status,2, status,0, pclath, cstack
 Tracked objects:
		On entry : 
		On exit  : 
		Unchanged: 
 Data sizes:     COMMON   BANK0   BANK1   BANK3   BANK2
      Params:         0       0       0       0       0
      Locals:         1       0       0       0       0
      Temps:          1       0       0       0       0
      Totals:         2       0       0       0       0
Total ram usage:        2 bytes
 Hardware stack levels used:    1
 Hardware stack levels required when called:    1
 This function calls:
		_internal_uart_read
		_internal_uart_write
 This function is called by:
		_main
 This function uses a non-reentrant model


 *************** function _onoff_slave_buzzer *****************
 Defined at:
		line 292 in file "../../Source file/Master_Internal UART.c"
 Parameters:    Size  Location     Type
  c               1    wreg     unsigned char 
 Auto vars:     Size  Location     Type
  c               1    3[COMMON] unsigned char 
 Return value:  Size  Location     Type
		None               void
 Registers used:
		wreg, status,2, status,0, pclath, cstack
 Tracked objects:
		On entry : 
		On exit  : 
		Unchanged: 
 Data sizes:     COMMON   BANK0   BANK1   BANK3   BANK2
      Params:         0       0       0       0       0
      Locals:         1       0       0       0       0
      Temps:          1       0       0       0       0
      Totals:         2       0       0       0       0
Total ram usage:        2 bytes
 Hardware stack levels used:    1
 Hardware stack levels required when called:    1
 This function calls:
		_internal_uart_read
		_internal_uart_write
 This function is called by:
		_main
 This function uses a non-reentrant model


 *************** function _internal_uart_write *****************
 Defined at:
		line 308 in file "../../Source file/Master_Internal UART.c"
 Parameters:    Size  Location     Type
  data            1    wreg     unsigned char 
 Auto vars:     Size  Location     Type
  data            1    0[COMMON] unsigned char 
 Return value:  Size  Location     Type
		None               void
 Registers used:
		wreg
 Tracked objects:
		On entry : 
		On exit  : 
		Unchanged: 
 Data sizes:     COMMON   BANK0   BANK1   BANK3   BANK2
      Params:         0       0       0       0       0
      Locals:         1       0       0       0       0
      Temps:          0       0       0       0       0
      Totals:         1       0       0       0       0
Total ram usage:        1 bytes
 Hardware stack levels used:    1
 This function calls:
		Nothing
 This function is called by:
		_main
		_onoff_slave_led1
		_onoff_slave_led2
		_onoff_slave_buzzer
 This function uses a non-reentrant model


 *************** function _internal_uart_read *****************
 Defined at:
		line 314 in file "../../Source file/Master_Internal UART.c"
 Parameters:    Size  Location     Type
		None
 Auto vars:     Size  Location     Type
  rec_data        1    1[COMMON] unsigned char 
 Return value:  Size  Location     Type
                  1    wreg      unsigned char 
 Registers used:
		wreg
 Tracked objects:
		On entry : 
		On exit  : 
		Unchanged: 
 Data sizes:     COMMON   BANK0   BANK1   BANK3   BANK2
      Params:         0       0       0       0       0
      Locals:         1       0       0       0       0
      Temps:          1       0       0       0       0
      Totals:         2       0       0       0       0
Total ram usage:        2 bytes
 Hardware stack levels used:    1
 This function calls:
		Nothing
 This function is called by:
		_main
		_onoff_slave_led1
		_onoff_slave_led2
		_onoff_slave_buzzer
 This function uses a non-reentrant model


 *************** function _lcd_goto *****************
 Defined at:
		line 327 in file "../../Source file/Master_Internal UART.c"
 Parameters:    Size  Location     Type
  data            1    wreg     unsigned char 
 Auto vars:     Size  Location     Type
  data            1   10[COMMON] unsigned char 
 Return value:  Size  Location     Type
		None               void
 Registers used:
		wreg, status,2, status,0, pclath, cstack
 Tracked objects:
		On entry : 
		On exit  : 
		Unchanged: 
 Data sizes:     COMMON   BANK0   BANK1   BANK3   BANK2
      Params:         0       0       0       0       0
      Locals:         1       0       0       0       0
      Temps:          1       0       0       0       0
      Totals:         2       0       0       0       0
Total ram usage:        2 bytes
 Hardware stack levels used:    1
 Hardware stack levels required when called:    2
 This function calls:
		_send_config
 This function is called by:
		_main
 This function uses a non-reentrant model


 *************** function _lcd_clr *****************
 Defined at:
		line 254 in file "../../Source file/Master_Internal UART.c"
 Parameters:    Size  Location     Type
		None
 Auto vars:     Size  Location     Type
		None
 Return value:  Size  Location     Type
		None               void
 Registers used:
		wreg, status,2, status,0, pclath, cstack
 Tracked objects:
		On entry : 
		On exit  : 
		Unchanged: 
 Data sizes:     COMMON   BANK0   BANK1   BANK3   BANK2
      Params:         0       0       0       0       0
      Locals:         0       0       0       0       0
      Temps:          0       0       0       0       0
      Totals:         0       0       0       0       0
Total ram usage:        0 bytes
 Hardware stack levels used:    1
 Hardware stack levels required when called:    2
 This function calls:
		_delay
		_send_config
 This function is called by:
		_main
 This function uses a non-reentrant model


 *************** function _send_config *****************
 Defined at:
		line 234 in file "../../Source file/Master_Internal UART.c"
 Parameters:    Size  Location     Type
  data            1    wreg     unsigned char 
 Auto vars:     Size  Location     Type
  data            1    8[COMMON] unsigned char 
 Return value:  Size  Location     Type
		None               void
 Registers used:
		wreg, status,2, status,0, pclath, cstack
 Tracked objects:
		On entry : 
		On exit  : 
		Unchanged: 
 Data sizes:     COMMON   BANK0   BANK1   BANK3   BANK2
      Params:         0       0       0       0       0
      Locals:         1       0       0       0       0
      Temps:          0       0       0       0       0
      Totals:         1       0       0       0       0
Total ram usage:        1 bytes
 Hardware stack levels used:    1
 Hardware stack levels required when called:    1
 This function calls:
		_delay
 This function is called by:
		_main
		_lcd_clr
		_lcd_goto
 This function uses a non-reentrant model


 *************** function _delay *****************
 Defined at:
		line 229 in file "../../Source file/Master_Internal UART.c"
 Parameters:    Size  Location     Type
  data            4    0[COMMON] unsigned long 
 Auto vars:     Size  Location     Type
		None
 Return value:  Size  Location     Type
		None               void
 Registers used:
		wreg
 Tracked objects:
		On entry : 
		On exit  : 
		Unchanged: 
 Data sizes:     COMMON   BANK0   BANK1   BANK3   BANK2
      Params:         4       0       0       0       0
      Locals:         0       0       0       0       0
      Temps:          4       0       0       0       0
      Totals:         8       0       0       0       0
Total ram usage:        8 bytes
 Hardware stack levels used:    1
 This function calls:
		Nothing
 This function is called by:
		_send_config
		_send_char
		_lcd_clr
 This function uses a non-reentrant model



MODULE INFORMATION

Module		Function		Class		Link	Load	Size
shared
		__stringtab    		STRING         	0003	0000	7
		__initializatio		CODE           	07F6	0000	7

shared estimated size: 14

../../Source file/Master_Internal UART.c
		_delay         		CODE           	05C5	0000	36
		_main          		CODE           	06B8	0000	319
		_onoff_slave_le		CODE           	065C	0000	47
		_onoff_slave_bu		CODE           	062E	0000	47
		_onoff_slave_le		CODE           	068A	0000	47
		_lcd_clr       		CODE           	057E	0000	19
		_lcd_goto      		CODE           	0590	0000	23
		_send_string   		CODE           	05A6	0000	32
		_internal_uart_		CODE           	056C	0000	9
		_send_config   		CODE           	05E8	0000	36
		_internal_uart_		CODE           	0574	0000	11
		_send_char     		CODE           	060B	0000	36

../../Source file/Master_Internal UART.c estimated size: 662

